// Jest Snapshot v1, https://goo.gl/fbAQLP

exports[`renders correctly 1`] = `
<div
  className="aui-message aui-message-error"
>
  <p>
    <strong>
      Error!
    </strong>
  </p>
  <p>
    http://badlink
     is not valid or password protected.
  </p>
</div>
`;
