// Jest Snapshot v1, https://goo.gl/fbAQLP

exports[`renders correctly 1`] = `
<a
  className="link"
  href="https://in.invisionapp.com/share/ATBWCTHR5"
  onClick={[Function]}
  rel="noopener noreferrer"
  target="_blank"
>
  <span
    className="logo"
  >
    <img
      alt="InVisionApp logo"
      height="28"
      src="InVision-icon.svg"
      width="28"
    />
    <span
      className="open-in-invision"
    >
      Open in InVision
    </span>
  </span>
</a>
`;
