// Jest Snapshot v1, https://goo.gl/fbAQLP

exports[`renders correctly 1`] = `
<a
  className="resize max"
  onClick={[Function]}
>
  <span
    className="size"
  >
    <img
      alt="Resize"
      height="20"
      src="resize-100.svg"
      width="20"
    />
  </span>
</a>
`;
